[ropro.io/index.html]
[ropro.io/cdn-cgi/apps/head/yXbaHZ1DK9rvkEsfHz6G7iYqIos.js]
[ropro.io/images/favicon.ico]
[backblue.gif]
[fade.gif]
[index.html]
[ropro.io/stylesheeta93e.css]
[pagead2.googlesyndication.com/pagead/js/feefc.txt]
[widget.trustpilot.com/bootstrap/v5/tp.widget.bootstrap.min.js]
[ropro.io/dice/indexc2a5.html]
[ropro.io/images/stars.svg]
[ropro.io/images/slides/Avatar_Sandbox5.png]
[ropro.io/images/slides/Profile_Themes2.png]
[ropro.io/images/slides/Experience_Time_Tracking0.png]
[ropro.io/images/slides/Mutual_Friends00.png]
[ropro.io/images/slides/Server_Filters0.png]
[ropro.io/images/slides/Twitter0.png]
[ropro.io/images/slides/Random_Exp_Button0.png]
[ropro.io/images/slides/Random_Srv_Button0.png]
[ropro.io/images/slides/Dozens0.png]
[ropro.io/images/Tiers/free.png]
[ropro.io/images/mostpopular.png]
[ropro.io/images/robux_icon.svg]
[ropro.io/images/Tiers/standard.png]
[ropro.io/images/paymentlogos.png]
[ropro.io/images/Tiers/pro.png]
[ropro.io/images/Tiers/ultra.png]
[ropro.io/images/Upgrade.png]
[ropro.io/images/dice_ropro.png]
[ropro.io/cdn-cgi/l/email-protection.html]
[ropro.io/cdn-cgi/scripts/5c5dd728/cloudflare-static/email-decode.min.js]
[ropro.io/cdn-cgi/scripts/7d0fa10a/cloudflare-static/rocket-loader.min.js]
[code.jquery.com/jquery-1.7.1.min.js]
[cdnjs.cloudflare.com/ajax/libs/waypoints/4.0.1/jquery.waypoints.min.js]
[ropro.io/js/jquery.countup.min.js]
[cdn.paddle.com/paddle/paddle.js]
[ropro.io/api/savePostData.html]
[ropro.io/index.html]
[ropro.io/fonts/Raleway-Black.ttf]
[ropro.io/fonts/Raleway-ExtraBold.ttf]
[ropro.io/fonts/Raleway-Bold.ttf]
[ropro.io/fonts/Raleway-SemiBold.ttf]
[ropro.io/fonts/Raleway-Medium.ttf]
[ropro.io/images/Background.svg]
[ropro.io/stylesheeta93e.css]
[ropro.io/images/ropro_logo.svg]
[ropro.io/xhr.3b.delayed]
[ropro.io/GET]
[ropro.io/lib/widget-management.js]
[widget.trustpilot.com/bootstrap/v5/tp.widget.bootstrap.min.js]
[ropro.io/eggs/index.html]
[ropro.io/features/index.html]
[ropro.io/support/index.html]
[ropro.io/subscription/index.html]
[ropro.io/dice/mainc4ca.css]
[ropro.io/dice/diced41d.css]
[ropro.io/dice/GothamBold.ttf]
[ajax.googleapis.com/ajax/libs/jquery/3.5.1/jquery.min.js]
[ropro.io/api/getGameba25.html]
[ropro.io/dice/play.svg]
[ropro.io/dice/libs/three.min.js]
[ropro.io/dice/libs/cannon.min.js]
[ropro.io/dice/teal.js]
[ropro.io/dice/dicee792.js]
[ropro.io/dice/indexc2a5.html]
[ropro.io/changelog/index.html]
[ropro.io/group/index.html]
[ropro.io/discord/index.html]
[ropro.io/twitter/index.html]
[ropro.io/tiktok/index.html]
[ropro.io/images/stars.svg]
[ropro.io/install/indexa24b.html]
[ropro.io/features/indexaa2d.html]
[ropro.io/images/robux_icon.svg]
[ropro.io/features/index588a.html]
[ropro.io/features/index1f0f.html]
[ropro.io/features/index3df5.html]
[ropro.io/cdn-cgi/l/email-protection.html]
[ropro.io/terms/index.html]
[ropro.io/privacy-policy/index.html]
[ropro.io/twitch/index.html]
[ropro.io/features/indexc00f.html]
[ropro.io/api/savePostData.html]
[ropro.io/purchase/index.html]
[ropro.io/images/Background.svg]
[ropro.io/images/ropro_logo.svg]
[ropro.io/xhr.html]
[ropro.io/GET.html]
[ropro.io/lib/widget-management.html]
[ropro.io/dice/mainc4ca.css]
[ropro.io/dice/diced41d.css]
[ropro.io/api/getGameba25.html]
[ropro.io/dice/play.svg]
[ropro.io/dice/main89ce.js]
[ropro.io/features/indexc71f.html]
[ropro.io/stylesheet.css]
[ropro.io/feature_previews/sandbox.gif]
[ropro.io/feature_previews/avatar_editor_changes.gif]
[ropro.io/feature_previews/experience_quick_search.gif]
[ropro.io/feature_previews/most_played.gif]
[ropro.io/feature_previews/playtime_tracking.gif]
[ropro.io/feature_previews/server_filters.gif]
[ropro.io/feature_previews/most_recent_server.gif]
[ropro.io/feature_previews/random_server.gif]
[ropro.io/feature_previews/profile_themes.gif]
[ropro.io/feature_previews/last_online.gif]
[ropro.io/feature_previews/genre_filter.gif]
[ropro.io/feature_previews/random_game.gif]
[ropro.io/feature_previews/popular_today.gif]
[ropro.io/feature_previews/upcoming_items.gif]
[ropro.io/feature_previews/mutual_friends.gif]
[ropro.io/feature_previews/ropro_reputation.png]
[ropro.io/feature_previews/link_discord.gif]
[ropro.io/feature_previews/profile_discord.gif]
[ropro.io/feature_previews/profile_twitter.gif]
[ropro.io/feature_previews/group_twitter.gif]
[ropro.io/feature_previews/trade_panel.gif]
[ropro.io/feature_previews/item_info_card.gif]
[ropro.io/feature_previews/trade_age.gif]
[ropro.io/feature_previews/trade_offers.gif]
[ropro.io/feature_previews/quick_decline.gif]
[ropro.io/feature_previews/profile_value.gif]
[ropro.io/feature_previews/comments.gif]
[ropro.io/feature_previews/projected_item.png]
[ropro.io/feature_previews/quick_trade.gif]
[ropro.io/feature_previews/hide_serials.gif]
[ropro.io/feature_previews/additional_server_info.gif]
[ropro.io/feature_previews/more_server_filters.gif]
[ropro.io/feature_previews/more_filters.gif]
[ropro.io/feature_previews/more_mutuals.gif]
[ropro.io/feature_previews/like_filter.gif]
[ropro.io/feature_previews/live_like_counter.gif]
[ropro.io/feature_previews/animated_profile_themes.gif]
[ropro.io/feature_previews/sandbox_outfits.gif]
[ropro.io/feature_previews/more_playtime_sorts.gif]
[ropro.io/feature_previews/trade_value_demand.gif]
[ropro.io/feature_previews/trade_calculator.gif]
[ropro.io/feature_previews/item_value_demand.gif]
[ropro.io/feature_previews/more_trade_panel.gif]
[ropro.io/feature_previews/projected_trade.png]
[ropro.io/feature_previews/embedded_roli_item.gif]
[ropro.io/feature_previews/embedded_roli_user.gif]
[ropro.io/feature_previews/ropro_trade_offers_value.gif]
[ropro.io/feature_previews/live_playing_visit_count.gif]
[ropro.io/feature_previews/trade_preview.gif]
[ropro.io/feature_previews/owner_history.gif]
[ropro.io/feature_previews/quick_item_search.gif]
[ropro.io/feature_previews/trade_notifier.gif]
[ropro.io/feature_previews/autodecline.gif]
[ropro.io/feature_previews/deals_notifier.gif]
[ropro.io/feature_previews/deals.gif]
[ropro.io/features/indexc71f.html]
[ropro.io/stylesheet.css]
[ropro.io/feature_previews/profile_twitter.html]
[ropro.io/deals/index.html]
